// Jest Snapshot v1, https://goo.gl/fbAQLP

exports[`admin login returns invalid admin password if incorrect 1`] = `
Array [
  Array [
    Object {
      "request": Object {
        "headers": Object {
          "cookie": Object {
            "passwordHash": "hashy",
          },
        },
        "user": Object {
          "_id": "123",
          "completedRegistration": true,
          "genfors": "1",
          "logged_in": true,
          "name": "Namy",
          "onlinewebId": "123",
          "permissions": 5,
        },
      },
    },
    "AUTH_ERROR",
    Object {
      "error": "Ugyldig administratorpassord.",
    },
  ],
]
`;
