// Jest Snapshot v1, https://goo.gl/fbAQLP

exports[`connection emits correct actions when active question is secret 1`] = `
Array [
  Array [
    "action",
    Object {
      "data": Object {
        "version": "fake_git_hash",
      },
      "type": "VERSION",
    },
  ],
  Array [
    "action",
    Object {
      "data": Object {
        "full_name": "Namy",
        "id": "123",
        "permissions": 5,
        "username": "123",
      },
      "type": "AUTH_SIGNED_IN",
    },
  ],
  Array [
    "action",
    Object {
      "data": Object {
        "registered": true,
      },
      "type": "AUTH_REGISTERED",
    },
  ],
  Array [
    "action",
    Object {
      "data": Object {
        "id": "1",
        "registrationOpen": true,
        "status": "open",
        "title": "Testfors",
      },
      "type": "OPEN_MEETING",
    },
  ],
  Array [
    "action",
    Object {
      "data": Object {
        "_id": "1",
        "active": true,
        "alternatives": Array [
          Object {
            "id": "1",
            "text": "Blank",
          },
          Object {
            "id": "2",
            "text": "Yes",
          },
          Object {
            "id": "3",
            "text": "No",
          },
        ],
        "countingBlankVotes": false,
        "description": "Description goes here",
        "genfors": "1",
        "secret": true,
        "showOnlyWinner": false,
        "toObject": [Function],
        "voteDemand": "regular",
      },
      "type": "OPEN_ISSUE",
    },
  ],
  Array [
    "action",
    Object {
      "data": undefined,
      "type": "ENABLE_VOTING",
    },
  ],
  Array [
    "action",
    Object {
      "data": Object {
        "_id": "1",
        "alternative": "3",
        "question": "1",
        "user": "",
      },
      "type": "ADD_VOTE",
    },
  ],
  Array [
    "action",
    Object {
      "data": Object {
        "_id": "2",
        "alternative": "3",
        "question": "1",
        "user": "",
      },
      "type": "ADD_VOTE",
    },
  ],
  Array [
    "action",
    Object {
      "data": Object {
        "_id": "3",
        "alternative": "3",
        "question": "1",
        "user": "",
      },
      "type": "ADD_VOTE",
    },
  ],
  Array [
    "action",
    Object {
      "data": Object {
        "_id": "4",
        "alternative": "3",
        "question": "1",
        "user": "",
      },
      "type": "ADD_VOTE",
    },
  ],
  Array [
    "action",
    Object {
      "data": Object {
        "_id": "2",
        "active": true,
        "alternatives": Array [
          Object {
            "id": "1",
            "text": "Blank",
          },
          Object {
            "id": "2",
            "text": "Yes",
          },
          Object {
            "id": "3",
            "text": "No",
          },
        ],
        "countingBlankVotes": false,
        "description": "Description goes here",
        "genfors": "1",
        "meeting": "1",
        "secret": false,
        "showOnlyWinner": false,
        "toObject": [Function],
        "voteDemand": "regular",
        "votes": Object {
          "1": 0,
          "2": 0,
          "3": 4,
        },
        "winner": "3",
      },
      "type": "CLOSE_ISSUE",
    },
  ],
  Array [
    "action",
    Object {
      "data": Object {
        "_id": "2",
        "active": true,
        "alternatives": Array [
          Object {
            "id": "1",
            "text": "Blank",
          },
          Object {
            "id": "2",
            "text": "Yes",
          },
          Object {
            "id": "3",
            "text": "No",
          },
        ],
        "countingBlankVotes": false,
        "description": "Description goes here",
        "genfors": "1",
        "meeting": "1",
        "secret": false,
        "showOnlyWinner": false,
        "toObject": [Function],
        "voteDemand": "regular",
        "votes": Object {
          "1": 0,
          "2": 0,
          "3": 4,
        },
        "winner": "3",
      },
      "type": "CLOSE_ISSUE",
    },
  ],
  Array [
    "action",
    Object {
      "data": Object {
        "_id": "2",
        "active": true,
        "alternatives": Array [
          Object {
            "id": "1",
            "text": "Blank",
          },
          Object {
            "id": "2",
            "text": "Yes",
          },
          Object {
            "id": "3",
            "text": "No",
          },
        ],
        "countingBlankVotes": false,
        "description": "Description goes here",
        "genfors": "1",
        "meeting": "1",
        "secret": false,
        "showOnlyWinner": false,
        "toObject": [Function],
        "voteDemand": "regular",
        "votes": Object {
          "1": 0,
          "2": 0,
          "3": 4,
        },
        "winner": "3",
      },
      "type": "CLOSE_ISSUE",
    },
  ],
  Array [
    "action",
    Object {
      "data": Object {
        "_id": "2",
        "active": true,
        "alternatives": Array [
          Object {
            "id": "1",
            "text": "Blank",
          },
          Object {
            "id": "2",
            "text": "Yes",
          },
          Object {
            "id": "3",
            "text": "No",
          },
        ],
        "countingBlankVotes": false,
        "description": "Description goes here",
        "genfors": "1",
        "meeting": "1",
        "secret": false,
        "showOnlyWinner": false,
        "toObject": [Function],
        "voteDemand": "regular",
        "votes": Object {
          "1": 0,
          "2": 0,
          "3": 4,
        },
        "winner": "3",
      },
      "type": "CLOSE_ISSUE",
    },
  ],
]
`;

exports[`connection emits correct actions when retrieving active genfors fails 1`] = `
Array [
  Array [
    "action",
    Object {
      "data": Object {
        "version": "fake_git_hash",
      },
      "type": "VERSION",
    },
  ],
  Array [
    "action",
    Object {
      "data": Object {
        "full_name": "Namy",
        "id": "123",
        "permissions": 5,
        "username": "123",
      },
      "type": "AUTH_SIGNED_IN",
    },
  ],
  Array [
    "action",
    Object {
      "data": Object {
        "registered": false,
      },
      "type": "AUTH_REGISTERED",
    },
  ],
  Array [
    "action",
    Object {
      "data": Object {
        "id": 0,
        "message": "Noe gikk galt. Vennligst prøv igjen.",
      },
      "type": "ERROR",
    },
  ],
]
`;

exports[`connection emits correct actions when retrieving active question fails 1`] = `
Array [
  Array [
    "action",
    Object {
      "data": Object {
        "version": "fake_git_hash",
      },
      "type": "VERSION",
    },
  ],
  Array [
    "action",
    Object {
      "data": Object {
        "full_name": "Namy",
        "id": "123",
        "permissions": 5,
        "username": "123",
      },
      "type": "AUTH_SIGNED_IN",
    },
  ],
  Array [
    "action",
    Object {
      "data": Object {
        "registered": true,
      },
      "type": "AUTH_REGISTERED",
    },
  ],
  Array [
    "action",
    Object {
      "data": Object {
        "id": "1",
        "registrationOpen": true,
        "status": "open",
        "title": "Testfors",
      },
      "type": "OPEN_MEETING",
    },
  ],
  Array [
    "action",
    Object {
      "data": Object {
        "id": 0,
        "message": "Noe gikk galt under henting av aktiv sak.",
      },
      "type": "ERROR",
    },
  ],
  Array [
    "action",
    Object {
      "data": Object {
        "_id": "2",
        "active": true,
        "alternatives": Array [
          Object {
            "id": "1",
            "text": "Blank",
          },
          Object {
            "id": "2",
            "text": "Yes",
          },
          Object {
            "id": "3",
            "text": "No",
          },
        ],
        "countingBlankVotes": false,
        "description": "Description goes here",
        "genfors": "1",
        "meeting": "1",
        "secret": false,
        "showOnlyWinner": false,
        "toObject": [Function],
        "voteDemand": "regular",
        "votes": Object {
          "1": 0,
          "2": 0,
          "3": 4,
        },
        "winner": "3",
      },
      "type": "CLOSE_ISSUE",
    },
  ],
  Array [
    "action",
    Object {
      "data": Object {
        "_id": "2",
        "active": true,
        "alternatives": Array [
          Object {
            "id": "1",
            "text": "Blank",
          },
          Object {
            "id": "2",
            "text": "Yes",
          },
          Object {
            "id": "3",
            "text": "No",
          },
        ],
        "countingBlankVotes": false,
        "description": "Description goes here",
        "genfors": "1",
        "meeting": "1",
        "secret": false,
        "showOnlyWinner": false,
        "toObject": [Function],
        "voteDemand": "regular",
        "votes": Object {
          "1": 0,
          "2": 0,
          "3": 4,
        },
        "winner": "3",
      },
      "type": "CLOSE_ISSUE",
    },
  ],
  Array [
    "action",
    Object {
      "data": Object {
        "_id": "2",
        "active": true,
        "alternatives": Array [
          Object {
            "id": "1",
            "text": "Blank",
          },
          Object {
            "id": "2",
            "text": "Yes",
          },
          Object {
            "id": "3",
            "text": "No",
          },
        ],
        "countingBlankVotes": false,
        "description": "Description goes here",
        "genfors": "1",
        "meeting": "1",
        "secret": false,
        "showOnlyWinner": false,
        "toObject": [Function],
        "voteDemand": "regular",
        "votes": Object {
          "1": 0,
          "2": 0,
          "3": 4,
        },
        "winner": "3",
      },
      "type": "CLOSE_ISSUE",
    },
  ],
  Array [
    "action",
    Object {
      "data": Object {
        "_id": "2",
        "active": true,
        "alternatives": Array [
          Object {
            "id": "1",
            "text": "Blank",
          },
          Object {
            "id": "2",
            "text": "Yes",
          },
          Object {
            "id": "3",
            "text": "No",
          },
        ],
        "countingBlankVotes": false,
        "description": "Description goes here",
        "genfors": "1",
        "meeting": "1",
        "secret": false,
        "showOnlyWinner": false,
        "toObject": [Function],
        "voteDemand": "regular",
        "votes": Object {
          "1": 0,
          "2": 0,
          "3": 4,
        },
        "winner": "3",
      },
      "type": "CLOSE_ISSUE",
    },
  ],
]
`;

exports[`connection emits correct actions when retrieving questions fails 1`] = `
Array [
  Array [
    "action",
    Object {
      "data": Object {
        "version": "fake_git_hash",
      },
      "type": "VERSION",
    },
  ],
  Array [
    "action",
    Object {
      "data": Object {
        "full_name": "Namy",
        "id": "123",
        "permissions": 5,
        "username": "123",
      },
      "type": "AUTH_SIGNED_IN",
    },
  ],
  Array [
    "action",
    Object {
      "data": Object {
        "registered": true,
      },
      "type": "AUTH_REGISTERED",
    },
  ],
  Array [
    "action",
    Object {
      "data": Object {
        "id": "1",
        "registrationOpen": true,
        "status": "open",
        "title": "Testfors",
      },
      "type": "OPEN_MEETING",
    },
  ],
  Array [
    "action",
    Object {
      "data": Object {
        "_id": "1",
        "active": true,
        "alternatives": Array [
          Object {
            "id": "1",
            "text": "Blank",
          },
          Object {
            "id": "2",
            "text": "Yes",
          },
          Object {
            "id": "3",
            "text": "No",
          },
        ],
        "countingBlankVotes": false,
        "description": "Description goes here",
        "genfors": "1",
        "secret": false,
        "showOnlyWinner": false,
        "toObject": [Function],
        "voteDemand": "regular",
      },
      "type": "OPEN_ISSUE",
    },
  ],
  Array [
    "action",
    Object {
      "data": undefined,
      "type": "ENABLE_VOTING",
    },
  ],
  Array [
    "action",
    Object {
      "data": Object {
        "_id": "1",
        "alternative": "3",
        "question": "1",
        "user": "1",
      },
      "type": "ADD_VOTE",
    },
  ],
  Array [
    "action",
    Object {
      "data": Object {
        "_id": "2",
        "alternative": "3",
        "question": "1",
        "user": "1",
      },
      "type": "ADD_VOTE",
    },
  ],
  Array [
    "action",
    Object {
      "data": Object {
        "_id": "3",
        "alternative": "3",
        "question": "1",
        "user": "1",
      },
      "type": "ADD_VOTE",
    },
  ],
  Array [
    "action",
    Object {
      "data": Object {
        "_id": "4",
        "alternative": "3",
        "question": "1",
        "user": "1",
      },
      "type": "ADD_VOTE",
    },
  ],
]
`;

exports[`connection emits correct actions when retrieving votes fails 1`] = `
Array [
  Array [
    "action",
    Object {
      "data": Object {
        "version": "fake_git_hash",
      },
      "type": "VERSION",
    },
  ],
  Array [
    "action",
    Object {
      "data": Object {
        "full_name": "Namy",
        "id": "123",
        "permissions": 5,
        "username": "123",
      },
      "type": "AUTH_SIGNED_IN",
    },
  ],
  Array [
    "action",
    Object {
      "data": Object {
        "registered": true,
      },
      "type": "AUTH_REGISTERED",
    },
  ],
  Array [
    "action",
    Object {
      "data": Object {
        "id": "1",
        "registrationOpen": true,
        "status": "open",
        "title": "Testfors",
      },
      "type": "OPEN_MEETING",
    },
  ],
  Array [
    "action",
    Object {
      "data": Object {
        "_id": "1",
        "active": true,
        "alternatives": Array [
          Object {
            "id": "1",
            "text": "Blank",
          },
          Object {
            "id": "2",
            "text": "Yes",
          },
          Object {
            "id": "3",
            "text": "No",
          },
        ],
        "countingBlankVotes": false,
        "description": "Description goes here",
        "genfors": "1",
        "secret": false,
        "showOnlyWinner": false,
        "toObject": [Function],
        "voteDemand": "regular",
      },
      "type": "OPEN_ISSUE",
    },
  ],
  Array [
    "action",
    Object {
      "data": undefined,
      "type": "ENABLE_VOTING",
    },
  ],
]
`;

exports[`connection emits correct actions when signed in and active genfors 1`] = `
Array [
  Array [
    "action",
    Object {
      "data": Object {
        "version": "fake_git_hash",
      },
      "type": "VERSION",
    },
  ],
  Array [
    "action",
    Object {
      "data": Object {
        "full_name": "Namy",
        "id": "123",
        "permissions": 5,
        "username": "123",
      },
      "type": "AUTH_SIGNED_IN",
    },
  ],
  Array [
    "action",
    Object {
      "data": Object {
        "registered": true,
      },
      "type": "AUTH_REGISTERED",
    },
  ],
  Array [
    "action",
    Object {
      "data": Object {
        "id": "1",
        "registrationOpen": true,
        "status": "open",
        "title": "Testfors",
      },
      "type": "OPEN_MEETING",
    },
  ],
  Array [
    "action",
    Object {
      "data": Object {
        "_id": "1",
        "active": true,
        "alternatives": Array [
          Object {
            "id": "1",
            "text": "Blank",
          },
          Object {
            "id": "2",
            "text": "Yes",
          },
          Object {
            "id": "3",
            "text": "No",
          },
        ],
        "countingBlankVotes": false,
        "description": "Description goes here",
        "genfors": "1",
        "secret": false,
        "showOnlyWinner": false,
        "toObject": [Function],
        "voteDemand": "regular",
      },
      "type": "OPEN_ISSUE",
    },
  ],
  Array [
    "action",
    Object {
      "data": undefined,
      "type": "ENABLE_VOTING",
    },
  ],
  Array [
    "action",
    Object {
      "data": Object {
        "_id": "1",
        "alternative": "3",
        "question": "1",
        "user": "1",
      },
      "type": "ADD_VOTE",
    },
  ],
  Array [
    "action",
    Object {
      "data": Object {
        "_id": "2",
        "alternative": "3",
        "question": "1",
        "user": "1",
      },
      "type": "ADD_VOTE",
    },
  ],
  Array [
    "action",
    Object {
      "data": Object {
        "_id": "3",
        "alternative": "3",
        "question": "1",
        "user": "1",
      },
      "type": "ADD_VOTE",
    },
  ],
  Array [
    "action",
    Object {
      "data": Object {
        "_id": "4",
        "alternative": "3",
        "question": "1",
        "user": "1",
      },
      "type": "ADD_VOTE",
    },
  ],
  Array [
    "action",
    Object {
      "data": Object {
        "_id": "2",
        "active": true,
        "alternatives": Array [
          Object {
            "id": "1",
            "text": "Blank",
          },
          Object {
            "id": "2",
            "text": "Yes",
          },
          Object {
            "id": "3",
            "text": "No",
          },
        ],
        "countingBlankVotes": false,
        "description": "Description goes here",
        "genfors": "1",
        "meeting": "1",
        "secret": false,
        "showOnlyWinner": false,
        "toObject": [Function],
        "voteDemand": "regular",
        "votes": Object {
          "1": 0,
          "2": 0,
          "3": 4,
        },
        "winner": "3",
      },
      "type": "CLOSE_ISSUE",
    },
  ],
  Array [
    "action",
    Object {
      "data": Object {
        "_id": "2",
        "active": true,
        "alternatives": Array [
          Object {
            "id": "1",
            "text": "Blank",
          },
          Object {
            "id": "2",
            "text": "Yes",
          },
          Object {
            "id": "3",
            "text": "No",
          },
        ],
        "countingBlankVotes": false,
        "description": "Description goes here",
        "genfors": "1",
        "meeting": "1",
        "secret": false,
        "showOnlyWinner": false,
        "toObject": [Function],
        "voteDemand": "regular",
        "votes": Object {
          "1": 0,
          "2": 0,
          "3": 4,
        },
        "winner": "3",
      },
      "type": "CLOSE_ISSUE",
    },
  ],
  Array [
    "action",
    Object {
      "data": Object {
        "_id": "2",
        "active": true,
        "alternatives": Array [
          Object {
            "id": "1",
            "text": "Blank",
          },
          Object {
            "id": "2",
            "text": "Yes",
          },
          Object {
            "id": "3",
            "text": "No",
          },
        ],
        "countingBlankVotes": false,
        "description": "Description goes here",
        "genfors": "1",
        "meeting": "1",
        "secret": false,
        "showOnlyWinner": false,
        "toObject": [Function],
        "voteDemand": "regular",
        "votes": Object {
          "1": 0,
          "2": 0,
          "3": 4,
        },
        "winner": "3",
      },
      "type": "CLOSE_ISSUE",
    },
  ],
  Array [
    "action",
    Object {
      "data": Object {
        "_id": "2",
        "active": true,
        "alternatives": Array [
          Object {
            "id": "1",
            "text": "Blank",
          },
          Object {
            "id": "2",
            "text": "Yes",
          },
          Object {
            "id": "3",
            "text": "No",
          },
        ],
        "countingBlankVotes": false,
        "description": "Description goes here",
        "genfors": "1",
        "meeting": "1",
        "secret": false,
        "showOnlyWinner": false,
        "toObject": [Function],
        "voteDemand": "regular",
        "votes": Object {
          "1": 0,
          "2": 0,
          "3": 4,
        },
        "winner": "3",
      },
      "type": "CLOSE_ISSUE",
    },
  ],
]
`;

exports[`connection emits correct actions when signed in and no active genfors 1`] = `
Array [
  Array [
    "action",
    Object {
      "data": Object {
        "version": "fake_git_hash",
      },
      "type": "VERSION",
    },
  ],
  Array [
    "action",
    Object {
      "data": Object {
        "full_name": "Namy",
        "id": "123",
        "permissions": 5,
        "username": "123",
      },
      "type": "AUTH_SIGNED_IN",
    },
  ],
  Array [
    "action",
    Object {
      "data": Object {
        "registered": true,
      },
      "type": "AUTH_REGISTERED",
    },
  ],
  Array [
    "action",
    Object {
      "data": Object {
        "id": 0,
        "message": "Ingen aktiv generalforsamling.",
      },
      "type": "ERROR",
    },
  ],
]
`;

exports[`connection emits correct actions when there is no active question 1`] = `
Array [
  Array [
    "action",
    Object {
      "data": Object {
        "version": "fake_git_hash",
      },
      "type": "VERSION",
    },
  ],
  Array [
    "action",
    Object {
      "data": Object {
        "full_name": "Namy",
        "id": "123",
        "permissions": 5,
        "username": "123",
      },
      "type": "AUTH_SIGNED_IN",
    },
  ],
  Array [
    "action",
    Object {
      "data": Object {
        "registered": true,
      },
      "type": "AUTH_REGISTERED",
    },
  ],
  Array [
    "action",
    Object {
      "data": Object {
        "id": "1",
        "registrationOpen": true,
        "status": "open",
        "title": "Testfors",
      },
      "type": "OPEN_MEETING",
    },
  ],
  Array [
    "action",
    Object {
      "data": Object {
        "_id": "2",
        "active": true,
        "alternatives": Array [
          Object {
            "id": "1",
            "text": "Blank",
          },
          Object {
            "id": "2",
            "text": "Yes",
          },
          Object {
            "id": "3",
            "text": "No",
          },
        ],
        "countingBlankVotes": false,
        "description": "Description goes here",
        "genfors": "1",
        "meeting": "1",
        "secret": false,
        "showOnlyWinner": false,
        "toObject": [Function],
        "voteDemand": "regular",
        "votes": Object {
          "1": 0,
          "2": 0,
          "3": 4,
        },
        "winner": "3",
      },
      "type": "CLOSE_ISSUE",
    },
  ],
  Array [
    "action",
    Object {
      "data": Object {
        "_id": "2",
        "active": true,
        "alternatives": Array [
          Object {
            "id": "1",
            "text": "Blank",
          },
          Object {
            "id": "2",
            "text": "Yes",
          },
          Object {
            "id": "3",
            "text": "No",
          },
        ],
        "countingBlankVotes": false,
        "description": "Description goes here",
        "genfors": "1",
        "meeting": "1",
        "secret": false,
        "showOnlyWinner": false,
        "toObject": [Function],
        "voteDemand": "regular",
        "votes": Object {
          "1": 0,
          "2": 0,
          "3": 4,
        },
        "winner": "3",
      },
      "type": "CLOSE_ISSUE",
    },
  ],
  Array [
    "action",
    Object {
      "data": Object {
        "_id": "2",
        "active": true,
        "alternatives": Array [
          Object {
            "id": "1",
            "text": "Blank",
          },
          Object {
            "id": "2",
            "text": "Yes",
          },
          Object {
            "id": "3",
            "text": "No",
          },
        ],
        "countingBlankVotes": false,
        "description": "Description goes here",
        "genfors": "1",
        "meeting": "1",
        "secret": false,
        "showOnlyWinner": false,
        "toObject": [Function],
        "voteDemand": "regular",
        "votes": Object {
          "1": 0,
          "2": 0,
          "3": 4,
        },
        "winner": "3",
      },
      "type": "CLOSE_ISSUE",
    },
  ],
  Array [
    "action",
    Object {
      "data": Object {
        "_id": "2",
        "active": true,
        "alternatives": Array [
          Object {
            "id": "1",
            "text": "Blank",
          },
          Object {
            "id": "2",
            "text": "Yes",
          },
          Object {
            "id": "3",
            "text": "No",
          },
        ],
        "countingBlankVotes": false,
        "description": "Description goes here",
        "genfors": "1",
        "meeting": "1",
        "secret": false,
        "showOnlyWinner": false,
        "toObject": [Function],
        "voteDemand": "regular",
        "votes": Object {
          "1": 0,
          "2": 0,
          "3": 4,
        },
        "winner": "3",
      },
      "type": "CLOSE_ISSUE",
    },
  ],
]
`;

exports[`connection emits correct actions when user has already voted 1`] = `
Array [
  Array [
    "action",
    Object {
      "data": Object {
        "version": "fake_git_hash",
      },
      "type": "VERSION",
    },
  ],
  Array [
    "action",
    Object {
      "data": Object {
        "full_name": "Namy",
        "id": "123",
        "permissions": 5,
        "username": "123",
      },
      "type": "AUTH_SIGNED_IN",
    },
  ],
  Array [
    "action",
    Object {
      "data": Object {
        "registered": true,
      },
      "type": "AUTH_REGISTERED",
    },
  ],
  Array [
    "action",
    Object {
      "data": Object {
        "id": "1",
        "registrationOpen": true,
        "status": "open",
        "title": "Testfors",
      },
      "type": "OPEN_MEETING",
    },
  ],
  Array [
    "action",
    Object {
      "data": Object {
        "_id": "1",
        "active": true,
        "alternatives": Array [
          Object {
            "id": "1",
            "text": "Blank",
          },
          Object {
            "id": "2",
            "text": "Yes",
          },
          Object {
            "id": "3",
            "text": "No",
          },
        ],
        "countingBlankVotes": false,
        "description": "Description goes here",
        "genfors": "1",
        "secret": false,
        "showOnlyWinner": false,
        "toObject": [Function],
        "voteDemand": "regular",
      },
      "type": "OPEN_ISSUE",
    },
  ],
  Array [
    "action",
    Object {
      "data": undefined,
      "type": "ENABLE_VOTING",
    },
  ],
  Array [
    "action",
    Object {
      "data": Object {
        "_id": "1",
        "alternative": "3",
        "question": "1",
        "user": "1",
      },
      "type": "ADD_VOTE",
    },
  ],
  Array [
    "action",
    Object {
      "data": Object {
        "_id": "2",
        "alternative": "3",
        "question": "1",
        "user": "1",
      },
      "type": "ADD_VOTE",
    },
  ],
  Array [
    "action",
    Object {
      "data": Object {
        "_id": "3",
        "alternative": "3",
        "question": "1",
        "user": "1",
      },
      "type": "ADD_VOTE",
    },
  ],
  Array [
    "action",
    Object {
      "data": Object {
        "_id": "4",
        "alternative": "3",
        "question": "1",
        "user": "1",
      },
      "type": "ADD_VOTE",
    },
  ],
  Array [
    "action",
    Object {
      "data": Object {
        "alternativeId": "3",
        "issueId": "1",
      },
      "type": "USER_VOTE",
    },
  ],
  Array [
    "action",
    Object {
      "data": Object {
        "_id": "2",
        "active": true,
        "alternatives": Array [
          Object {
            "id": "1",
            "text": "Blank",
          },
          Object {
            "id": "2",
            "text": "Yes",
          },
          Object {
            "id": "3",
            "text": "No",
          },
        ],
        "countingBlankVotes": false,
        "description": "Description goes here",
        "genfors": "1",
        "meeting": "1",
        "secret": false,
        "showOnlyWinner": false,
        "toObject": [Function],
        "voteDemand": "regular",
        "votes": Object {
          "1": 0,
          "2": 0,
          "3": 4,
        },
        "winner": "3",
      },
      "type": "CLOSE_ISSUE",
    },
  ],
  Array [
    "action",
    Object {
      "data": Object {
        "_id": "2",
        "active": true,
        "alternatives": Array [
          Object {
            "id": "1",
            "text": "Blank",
          },
          Object {
            "id": "2",
            "text": "Yes",
          },
          Object {
            "id": "3",
            "text": "No",
          },
        ],
        "countingBlankVotes": false,
        "description": "Description goes here",
        "genfors": "1",
        "meeting": "1",
        "secret": false,
        "showOnlyWinner": false,
        "toObject": [Function],
        "voteDemand": "regular",
        "votes": Object {
          "1": 0,
          "2": 0,
          "3": 4,
        },
        "winner": "3",
      },
      "type": "CLOSE_ISSUE",
    },
  ],
  Array [
    "action",
    Object {
      "data": Object {
        "_id": "2",
        "active": true,
        "alternatives": Array [
          Object {
            "id": "1",
            "text": "Blank",
          },
          Object {
            "id": "2",
            "text": "Yes",
          },
          Object {
            "id": "3",
            "text": "No",
          },
        ],
        "countingBlankVotes": false,
        "description": "Description goes here",
        "genfors": "1",
        "meeting": "1",
        "secret": false,
        "showOnlyWinner": false,
        "toObject": [Function],
        "voteDemand": "regular",
        "votes": Object {
          "1": 0,
          "2": 0,
          "3": 4,
        },
        "winner": "3",
      },
      "type": "CLOSE_ISSUE",
    },
  ],
  Array [
    "action",
    Object {
      "data": Object {
        "_id": "2",
        "active": true,
        "alternatives": Array [
          Object {
            "id": "1",
            "text": "Blank",
          },
          Object {
            "id": "2",
            "text": "Yes",
          },
          Object {
            "id": "3",
            "text": "No",
          },
        ],
        "countingBlankVotes": false,
        "description": "Description goes here",
        "genfors": "1",
        "meeting": "1",
        "secret": false,
        "showOnlyWinner": false,
        "toObject": [Function],
        "voteDemand": "regular",
        "votes": Object {
          "1": 0,
          "2": 0,
          "3": 4,
        },
        "winner": "3",
      },
      "type": "CLOSE_ISSUE",
    },
  ],
]
`;

exports[`connection emits correct actions when user has not completed registration and no genfors is active 1`] = `
Array [
  Array [
    "action",
    Object {
      "data": Object {
        "version": "fake_git_hash",
      },
      "type": "VERSION",
    },
  ],
  Array [
    "action",
    Object {
      "data": Object {
        "full_name": "Namy",
        "id": "123",
        "permissions": 5,
        "username": "123",
      },
      "type": "AUTH_SIGNED_IN",
    },
  ],
  Array [
    "action",
    Object {
      "data": Object {
        "registered": false,
      },
      "type": "AUTH_REGISTERED",
    },
  ],
  Array [
    "action",
    Object {
      "data": Object {
        "id": 0,
        "message": "Ingen aktiv generalforsamling.",
      },
      "type": "ERROR",
    },
  ],
]
`;

exports[`connection emits correct actions when validation of password hash returns false 1`] = `
Array [
  Array [
    "action",
    Object {
      "data": Object {
        "version": "fake_git_hash",
      },
      "type": "VERSION",
    },
  ],
  Array [
    "action",
    Object {
      "data": Object {
        "full_name": "Namy",
        "id": "123",
        "permissions": 5,
        "username": "123",
      },
      "type": "AUTH_SIGNED_IN",
    },
  ],
  Array [
    "action",
    Object {
      "data": Object {
        "registered": false,
      },
      "type": "AUTH_REGISTERED",
    },
  ],
  Array [
    "action",
    Object {
      "data": Object {
        "id": "1",
        "registrationOpen": true,
        "status": "open",
        "title": "Testfors",
      },
      "type": "OPEN_MEETING",
    },
  ],
  Array [
    "action",
    Object {
      "data": Object {
        "_id": "1",
        "active": true,
        "alternatives": Array [
          Object {
            "id": "1",
            "text": "Blank",
          },
          Object {
            "id": "2",
            "text": "Yes",
          },
          Object {
            "id": "3",
            "text": "No",
          },
        ],
        "countingBlankVotes": false,
        "description": "Description goes here",
        "genfors": "1",
        "secret": false,
        "showOnlyWinner": false,
        "toObject": [Function],
        "voteDemand": "regular",
      },
      "type": "OPEN_ISSUE",
    },
  ],
  Array [
    "action",
    Object {
      "data": undefined,
      "type": "ENABLE_VOTING",
    },
  ],
  Array [
    "action",
    Object {
      "data": Object {
        "_id": "1",
        "alternative": "3",
        "question": "1",
        "user": "1",
      },
      "type": "ADD_VOTE",
    },
  ],
  Array [
    "action",
    Object {
      "data": Object {
        "_id": "2",
        "alternative": "3",
        "question": "1",
        "user": "1",
      },
      "type": "ADD_VOTE",
    },
  ],
  Array [
    "action",
    Object {
      "data": Object {
        "_id": "3",
        "alternative": "3",
        "question": "1",
        "user": "1",
      },
      "type": "ADD_VOTE",
    },
  ],
  Array [
    "action",
    Object {
      "data": Object {
        "_id": "4",
        "alternative": "3",
        "question": "1",
        "user": "1",
      },
      "type": "ADD_VOTE",
    },
  ],
  Array [
    "action",
    Object {
      "data": Object {
        "_id": "2",
        "active": true,
        "alternatives": Array [
          Object {
            "id": "1",
            "text": "Blank",
          },
          Object {
            "id": "2",
            "text": "Yes",
          },
          Object {
            "id": "3",
            "text": "No",
          },
        ],
        "countingBlankVotes": false,
        "description": "Description goes here",
        "genfors": "1",
        "meeting": "1",
        "secret": false,
        "showOnlyWinner": false,
        "toObject": [Function],
        "voteDemand": "regular",
        "votes": Object {
          "1": 0,
          "2": 0,
          "3": 4,
        },
        "winner": "3",
      },
      "type": "CLOSE_ISSUE",
    },
  ],
  Array [
    "action",
    Object {
      "data": Object {
        "_id": "2",
        "active": true,
        "alternatives": Array [
          Object {
            "id": "1",
            "text": "Blank",
          },
          Object {
            "id": "2",
            "text": "Yes",
          },
          Object {
            "id": "3",
            "text": "No",
          },
        ],
        "countingBlankVotes": false,
        "description": "Description goes here",
        "genfors": "1",
        "meeting": "1",
        "secret": false,
        "showOnlyWinner": false,
        "toObject": [Function],
        "voteDemand": "regular",
        "votes": Object {
          "1": 0,
          "2": 0,
          "3": 4,
        },
        "winner": "3",
      },
      "type": "CLOSE_ISSUE",
    },
  ],
  Array [
    "action",
    Object {
      "data": Object {
        "_id": "2",
        "active": true,
        "alternatives": Array [
          Object {
            "id": "1",
            "text": "Blank",
          },
          Object {
            "id": "2",
            "text": "Yes",
          },
          Object {
            "id": "3",
            "text": "No",
          },
        ],
        "countingBlankVotes": false,
        "description": "Description goes here",
        "genfors": "1",
        "meeting": "1",
        "secret": false,
        "showOnlyWinner": false,
        "toObject": [Function],
        "voteDemand": "regular",
        "votes": Object {
          "1": 0,
          "2": 0,
          "3": 4,
        },
        "winner": "3",
      },
      "type": "CLOSE_ISSUE",
    },
  ],
  Array [
    "action",
    Object {
      "data": Object {
        "_id": "2",
        "active": true,
        "alternatives": Array [
          Object {
            "id": "1",
            "text": "Blank",
          },
          Object {
            "id": "2",
            "text": "Yes",
          },
          Object {
            "id": "3",
            "text": "No",
          },
        ],
        "countingBlankVotes": false,
        "description": "Description goes here",
        "genfors": "1",
        "meeting": "1",
        "secret": false,
        "showOnlyWinner": false,
        "toObject": [Function],
        "voteDemand": "regular",
        "votes": Object {
          "1": 0,
          "2": 0,
          "3": 4,
        },
        "winner": "3",
      },
      "type": "CLOSE_ISSUE",
    },
  ],
]
`;

exports[`connection emits correct actions when validation of password hash returns throws error 1`] = `
Array [
  Array [
    "action",
    Object {
      "data": Object {
        "version": "fake_git_hash",
      },
      "type": "VERSION",
    },
  ],
  Array [
    "action",
    Object {
      "data": Object {
        "full_name": "Namy",
        "id": "123",
        "permissions": 5,
        "username": "123",
      },
      "type": "AUTH_SIGNED_IN",
    },
  ],
  Array [
    "action",
    Object {
      "data": Object {
        "registered": false,
      },
      "type": "AUTH_REGISTERED",
    },
  ],
  Array [
    "action",
    Object {
      "data": Object {
        "id": 0,
        "message": "Ingen aktiv generalforsamling.",
      },
      "type": "ERROR",
    },
  ],
]
`;

exports[`connection emits sensitive data like meeting pin if user is manager 1`] = `
Array [
  Array [
    "action",
    Object {
      "data": Object {
        "version": "fake_git_hash",
      },
      "type": "VERSION",
    },
  ],
  Array [
    "action",
    Object {
      "data": Object {
        "full_name": "Namy",
        "id": "123",
        "permissions": 10,
        "username": "123",
      },
      "type": "AUTH_SIGNED_IN",
    },
  ],
  Array [
    "action",
    Object {
      "data": Object {
        "registered": true,
      },
      "type": "AUTH_REGISTERED",
    },
  ],
  Array [
    "action",
    Object {
      "data": Object {
        "id": "1",
        "pin": 3141592653,
        "registrationOpen": true,
        "status": "open",
        "title": "Testfors",
      },
      "type": "OPEN_MEETING",
    },
  ],
  Array [
    "action",
    Object {
      "data": Object {
        "_id": "1",
        "active": true,
        "alternatives": Array [
          Object {
            "id": "1",
            "text": "Blank",
          },
          Object {
            "id": "2",
            "text": "Yes",
          },
          Object {
            "id": "3",
            "text": "No",
          },
        ],
        "countingBlankVotes": false,
        "description": "Description goes here",
        "genfors": "1",
        "secret": false,
        "showOnlyWinner": false,
        "toObject": [Function],
        "voteDemand": "regular",
      },
      "type": "OPEN_ISSUE",
    },
  ],
  Array [
    "action",
    Object {
      "data": undefined,
      "type": "ENABLE_VOTING",
    },
  ],
  Array [
    "action",
    Object {
      "data": Object {
        "_id": "1",
        "alternative": "3",
        "question": "1",
        "user": "1",
      },
      "type": "ADD_VOTE",
    },
  ],
  Array [
    "action",
    Object {
      "data": Object {
        "_id": "2",
        "alternative": "3",
        "question": "1",
        "user": "1",
      },
      "type": "ADD_VOTE",
    },
  ],
  Array [
    "action",
    Object {
      "data": Object {
        "_id": "3",
        "alternative": "3",
        "question": "1",
        "user": "1",
      },
      "type": "ADD_VOTE",
    },
  ],
  Array [
    "action",
    Object {
      "data": Object {
        "_id": "4",
        "alternative": "3",
        "question": "1",
        "user": "1",
      },
      "type": "ADD_VOTE",
    },
  ],
  Array [
    "action",
    Object {
      "data": Object {
        "_id": "2",
        "active": true,
        "alternatives": Array [
          Object {
            "id": "1",
            "text": "Blank",
          },
          Object {
            "id": "2",
            "text": "Yes",
          },
          Object {
            "id": "3",
            "text": "No",
          },
        ],
        "countingBlankVotes": false,
        "description": "Description goes here",
        "genfors": "1",
        "meeting": "1",
        "secret": false,
        "showOnlyWinner": false,
        "toObject": [Function],
        "voteDemand": "regular",
        "votes": Object {
          "1": 0,
          "2": 0,
          "3": 4,
        },
        "winner": "3",
      },
      "type": "CLOSE_ISSUE",
    },
  ],
  Array [
    "action",
    Object {
      "data": Object {
        "_id": "2",
        "active": true,
        "alternatives": Array [
          Object {
            "id": "1",
            "text": "Blank",
          },
          Object {
            "id": "2",
            "text": "Yes",
          },
          Object {
            "id": "3",
            "text": "No",
          },
        ],
        "countingBlankVotes": false,
        "description": "Description goes here",
        "genfors": "1",
        "meeting": "1",
        "secret": false,
        "showOnlyWinner": false,
        "toObject": [Function],
        "voteDemand": "regular",
        "votes": Object {
          "1": 0,
          "2": 0,
          "3": 4,
        },
        "winner": "3",
      },
      "type": "CLOSE_ISSUE",
    },
  ],
  Array [
    "action",
    Object {
      "data": Object {
        "_id": "2",
        "active": true,
        "alternatives": Array [
          Object {
            "id": "1",
            "text": "Blank",
          },
          Object {
            "id": "2",
            "text": "Yes",
          },
          Object {
            "id": "3",
            "text": "No",
          },
        ],
        "countingBlankVotes": false,
        "description": "Description goes here",
        "genfors": "1",
        "meeting": "1",
        "secret": false,
        "showOnlyWinner": false,
        "toObject": [Function],
        "voteDemand": "regular",
        "votes": Object {
          "1": 0,
          "2": 0,
          "3": 4,
        },
        "winner": "3",
      },
      "type": "CLOSE_ISSUE",
    },
  ],
  Array [
    "action",
    Object {
      "data": Object {
        "_id": "2",
        "active": true,
        "alternatives": Array [
          Object {
            "id": "1",
            "text": "Blank",
          },
          Object {
            "id": "2",
            "text": "Yes",
          },
          Object {
            "id": "3",
            "text": "No",
          },
        ],
        "countingBlankVotes": false,
        "description": "Description goes here",
        "genfors": "1",
        "meeting": "1",
        "secret": false,
        "showOnlyWinner": false,
        "toObject": [Function],
        "voteDemand": "regular",
        "votes": Object {
          "1": 0,
          "2": 0,
          "3": 4,
        },
        "winner": "3",
      },
      "type": "CLOSE_ISSUE",
    },
  ],
]
`;

exports[`connection when no meeting warns about no active meeting 1`] = `
Array [
  Array [
    "action",
    Object {
      "data": Object {
        "version": "fake_git_hash",
      },
      "type": "VERSION",
    },
  ],
  Array [
    "action",
    Object {
      "data": Object {
        "full_name": "Namy",
        "id": "123",
        "permissions": 5,
        "username": "123",
      },
      "type": "AUTH_SIGNED_IN",
    },
  ],
  Array [
    "action",
    Object {
      "data": Object {
        "id": 0,
        "message": "Denne brukeren er ikke koblet til en generalforsamling. Vennligst logg ut og inn igjen.",
      },
      "type": "ERROR",
    },
  ],
  Array [
    "action",
    Object {
      "data": Object {
        "registered": false,
      },
      "type": "AUTH_REGISTERED",
    },
  ],
  Array [
    "action",
    Object {
      "data": Object {
        "id": 0,
        "message": "Noe gikk galt. Vennligst prøv igjen.",
      },
      "type": "ERROR",
    },
  ],
]
`;
