// Jest Snapshot v1, https://goo.gl/fbAQLP

exports[`toggleCanVote emits toggled can vote action on success 1`] = `
Array [
  Array [
    "action",
    Object {
      "data": Object {
        "_id": "123",
        "canVote": false,
      },
      "type": "TOGGLE_CAN_VOTE",
    },
  ],
]
`;

exports[`toggleCanVote emits toggled can vote action on success 2`] = `
Array [
  Array [
    "action",
    Object {
      "data": Object {
        "_id": "123",
        "canVote": false,
      },
      "type": "TOGGLE_CAN_VOTE",
    },
  ],
]
`;
